GAMS 45.1.0  88bbff72 Oct 14, 2023          LEX-LEG x86 64bit/Linux - 04/23/24 17:20:17 Page 1
G e n e r a l   A l g e b r a i c   M o d e l i n g   S y s t e m
C o m p i l a t i o n


   1  Set
   2  plants      /hydro, water, coal/
   3  t           /t1*t4/
   4  ;
   5   
   6  Parameter
   7  powerCapacities(plants)     /hydro 50, water 100, coal 50/
   8  powerDemand(t)              /t1 50, t2 100, t3 200, t4 100/
   9  varCosts(plants)            /hydro 5, water 1, coal 5/
  10  ;
  11   
  12  Variable
  13  powerGeneration(t, plants)
  14  costs
  15  ;
  16   
  17  Equations
  18  totalCosts
  19  powerBalance
  20  outputConstraint1
  21  outputConstraint2
  22  ;
  23   
  24   
  25  powerBalance(t)..          powerDemand(t) =e= sum((plants), powerGeneration(t, plants));
  26  totalCosts..               costs =e= sum((t, plants), powerGeneration(t, plants) * varCosts(plants));
  27   
  28  outputConstraint1(t, plants)..           powerGeneration(t, plants) =g= 0;
  29  outputConstraint2(t, plants)..           powerGeneration(t, plants) =l= powerCapacities(plants);
  30   
  31   
  32  Model caseStudies/all/;
  33   
  34  Solve caseStudies using LP minimising costs;
  35   
  36  Display powerGeneration.l;


COMPILATION TIME     =        0.001 SECONDS      3 MB  45.1.0 88bbff72 LEX-LEG
GAMS 45.1.0  88bbff72 Oct 14, 2023          LEX-LEG x86 64bit/Linux - 04/23/24 17:20:17 Page 2
G e n e r a l   A l g e b r a i c   M o d e l i n g   S y s t e m
Equation Listing    SOLVE caseStudies Using LP From line 34


---- totalCosts  =E=  

totalCosts..  - 5*powerGeneration(t1,hydro) - powerGeneration(t1,water) - 5*powerGeneration(t1,coal) - 5*powerGeneration(t2,hydro) - powerGeneration(t2,water) - 5*powerGeneration(t2,coal) - 5*powerGeneration(t3,hydro) - powerGeneration(t3,water) - 5*powerGeneration(t3,coal) - 5*powerGeneration(t4,hydro) - powerGeneration(t4,water) - 5*powerGeneration(t4,coal) + costs =E= 0 ; (LHS = 0)
     

---- powerBalance  =E=  

powerBalance(t1)..  - powerGeneration(t1,hydro) - powerGeneration(t1,water) - powerGeneration(t1,coal) =E= -50 ; (LHS = 0, INFES = 50 ****)
     
powerBalance(t2)..  - powerGeneration(t2,hydro) - powerGeneration(t2,water) - powerGeneration(t2,coal) =E= -100 ; (LHS = 0, INFES = 100 ****)
     
powerBalance(t3)..  - powerGeneration(t3,hydro) - powerGeneration(t3,water) - powerGeneration(t3,coal) =E= -200 ; (LHS = 0, INFES = 200 ****)
     
REMAINING ENTRY SKIPPED


---- outputConstraint1  =G=  

outputConstraint1(t1,hydro)..  powerGeneration(t1,hydro) =G= 0 ; (LHS = 0)
     
outputConstraint1(t1,water)..  powerGeneration(t1,water) =G= 0 ; (LHS = 0)
     
outputConstraint1(t1,coal)..  powerGeneration(t1,coal) =G= 0 ; (LHS = 0)
     
REMAINING 9 ENTRIES SKIPPED


---- outputConstraint2  =L=  

outputConstraint2(t1,hydro)..  powerGeneration(t1,hydro) =L= 50 ; (LHS = 0)
     
outputConstraint2(t1,water)..  powerGeneration(t1,water) =L= 100 ; (LHS = 0)
     
outputConstraint2(t1,coal)..  powerGeneration(t1,coal) =L= 50 ; (LHS = 0)
     
REMAINING 9 ENTRIES SKIPPED

GAMS 45.1.0  88bbff72 Oct 14, 2023          LEX-LEG x86 64bit/Linux - 04/23/24 17:20:17 Page 3
G e n e r a l   A l g e b r a i c   M o d e l i n g   S y s t e m
Column Listing      SOLVE caseStudies Using LP From line 34


---- powerGeneration  

powerGeneration(t1,hydro)
                (.LO, .L, .UP, .M = -INF, 0, +INF, 0)
       -5       totalCosts
       -1       powerBalance(t1)
        1       outputConstraint1(t1,hydro)
        1       outputConstraint2(t1,hydro)

powerGeneration(t1,water)
                (.LO, .L, .UP, .M = -INF, 0, +INF, 0)
       -1       totalCosts
       -1       powerBalance(t1)
        1       outputConstraint1(t1,water)
        1       outputConstraint2(t1,water)

powerGeneration(t1,coal)
                (.LO, .L, .UP, .M = -INF, 0, +INF, 0)
       -5       totalCosts
       -1       powerBalance(t1)
        1       outputConstraint1(t1,coal)
        1       outputConstraint2(t1,coal)

REMAINING 9 ENTRIES SKIPPED

---- costs  

costs
                (.LO, .L, .UP, .M = -INF, 0, +INF, 0)
        1       totalCosts

GAMS 45.1.0  88bbff72 Oct 14, 2023          LEX-LEG x86 64bit/Linux - 04/23/24 17:20:17 Page 4
G e n e r a l   A l g e b r a i c   M o d e l i n g   S y s t e m
Range Statistics    SOLVE caseStudies Using LP From line 34


RANGE STATISTICS (ABSOLUTE NON-ZERO FINITE VALUES)

RHS       [min, max] : [ 5.000E+01, 2.000E+02] - Zero values observed as well
Bound     [min, max] : [        NA,        NA]
Matrix    [min, max] : [ 1.000E+00, 5.000E+00]

GAMS 45.1.0  88bbff72 Oct 14, 2023          LEX-LEG x86 64bit/Linux - 04/23/24 17:20:17 Page 5
G e n e r a l   A l g e b r a i c   M o d e l i n g   S y s t e m
Model Statistics    SOLVE caseStudies Using LP From line 34


MODEL STATISTICS

BLOCKS OF EQUATIONS           4     SINGLE EQUATIONS           29
BLOCKS OF VARIABLES           2     SINGLE VARIABLES           13
NON ZERO ELEMENTS            49


GENERATION TIME      =        0.011 SECONDS      4 MB  45.1.0 88bbff72 LEX-LEG
GAMS 45.1.0  88bbff72 Oct 14, 2023          LEX-LEG x86 64bit/Linux - 04/23/24 17:20:17 Page 6
G e n e r a l   A l g e b r a i c   M o d e l i n g   S y s t e m
Solution Report     SOLVE caseStudies Using LP From line 34


               S O L V E      S U M M A R Y

     MODEL   caseStudies         OBJECTIVE  costs
     TYPE    LP                  DIRECTION  MINIMIZE
     SOLVER  CPLEX               FROM LINE  34

**** SOLVER STATUS     1 Normal Completion
**** MODEL STATUS      1 Optimal
**** OBJECTIVE VALUE              850.0000

 RESOURCE USAGE, LIMIT          0.006 10000000000.000
 ITERATION COUNT, LIMIT         0    2147483647
--- GAMS/CPLEX licensed for continuous and discrete problems.
--- GMO setup time: 0.00s
--- GMO memory 0.50 Mb (peak 0.50 Mb)
--- Dictionary memory 0.00 Mb
--- Cplex 22.1.1.0 link memory 0.00 Mb (peak 0.00 Mb)
--- Starting Cplex


--- LP status (1): optimal.
--- Cplex Time: 0.01sec (det. 0.02 ticks)


Optimal solution found
Objective:          850.000000


                           LOWER          LEVEL          UPPER         MARGINAL

---- EQU totalCosts          .              .              .             1.0000      

---- EQU powerBalance  

          LOWER          LEVEL          UPPER         MARGINAL

t1       -50.0000       -50.0000       -50.0000        -1.0000      
t2      -100.0000      -100.0000      -100.0000        -1.0000      
t3      -200.0000      -200.0000      -200.0000        -5.0000      
t4      -100.0000      -100.0000      -100.0000        -1.0000      

---- EQU outputConstraint1  

                LOWER          LEVEL          UPPER         MARGINAL

t1.hydro          .              .            +INF            4.0000      
t1.water          .            50.0000        +INF             .          
t1.coal           .              .            +INF            4.0000      
t2.hydro          .              .            +INF            4.0000      
t2.water          .           100.0000        +INF             .          
t2.coal           .              .            +INF            4.0000      
t3.hydro          .            50.0000        +INF             .          
t3.water          .           100.0000        +INF             .          
t3.coal           .            50.0000        +INF             .          
t4.hydro          .              .            +INF            4.0000      
t4.water          .           100.0000        +INF             .          
t4.coal           .              .            +INF            4.0000      

---- EQU outputConstraint2  

                LOWER          LEVEL          UPPER         MARGINAL

t1.hydro        -INF             .            50.0000          .          
t1.water        -INF           50.0000       100.0000          .          
t1.coal         -INF             .            50.0000          .          
t2.hydro        -INF             .            50.0000          .          
t2.water        -INF          100.0000       100.0000          .          
t2.coal         -INF             .            50.0000          .          
t3.hydro        -INF           50.0000        50.0000          .          
t3.water        -INF          100.0000       100.0000        -4.0000      
t3.coal         -INF           50.0000        50.0000         EPS         
t4.hydro        -INF             .            50.0000          .          
t4.water        -INF          100.0000       100.0000          .          
t4.coal         -INF             .            50.0000          .          

---- VAR powerGeneration  

                LOWER          LEVEL          UPPER         MARGINAL

t1.hydro        -INF             .            +INF             .          
t1.water        -INF           50.0000        +INF             .          
t1.coal         -INF             .            +INF             .          
t2.hydro        -INF             .            +INF             .          
t2.water        -INF          100.0000        +INF             .          
t2.coal         -INF             .            +INF             .          
t3.hydro        -INF           50.0000        +INF             .          
t3.water        -INF          100.0000        +INF             .          
t3.coal         -INF           50.0000        +INF             .          
t4.hydro        -INF             .            +INF             .          
t4.water        -INF          100.0000        +INF             .          
t4.coal         -INF             .            +INF             .          

                           LOWER          LEVEL          UPPER         MARGINAL

---- VAR costs             -INF          850.0000        +INF             .          


**** REPORT SUMMARY :        0     NONOPT
                             0 INFEASIBLE
                             0  UNBOUNDED
GAMS 45.1.0  88bbff72 Oct 14, 2023          LEX-LEG x86 64bit/Linux - 04/23/24 17:20:17 Page 7
G e n e r a l   A l g e b r a i c   M o d e l i n g   S y s t e m
E x e c u t i o n


----     36 VARIABLE powerGeneration.L  

         hydro       water        coal

t1                  50.000
t2                 100.000
t3      50.000     100.000      50.000
t4                 100.000



EXECUTION TIME       =        0.059 SECONDS      4 MB  45.1.0 88bbff72 LEX-LEG


USER: Course License Old Systems                     S231127/0001AO-GEN
      Dresden University of Technology                          DCE2432
      License for teaching and research at degree granting institutions


**** FILE SUMMARY

Input      /home/nox/CloudDrive/Uni/SS24/CaseStudies/gamsFiles/main.gms
Output     /home/nox/CloudDrive/Uni/SS24/CaseStudies/gamsFiles/main.lst
