GAMS 44.4.0  06604687 Sep 19, 2023          WEX-WEI x86 64bit/MS Windows - 05/12/24 13:23:03 Page 1
G e n e r a l   A l g e b r a i c   M o d e l i n g   S y s t e m
C o m p i l a t i o n


   1  Set
   2  plants      /hydro, solar, coal/
   3  ;
   4   
INCLUDE    C:\Users\sebas\Documents\CloudDrive\Uni\SS24\CaseStudies\gamsFiles\testData.gms
   6  Set
   7  t           /t1*t4/
   8  ;
   9   
  10  Parameters
  11  BuiltPlantCapacities(plants)                                    /hydro 50, solar 100, coal 50/
  12  PowerDemand(t)                                          /t1 50, t2 100, t3 200, t4 100/
  13  VariablePlantsCosts(plants)                     /hydro 1, solar 1, coal 5/
  14  InvestmentCosts(plants)                                         /hydro 100, solar 50, coal 100/
  15  MaintainPlantsCosts(plants)                                     /hydro 100, solar 50, coal 100/
  16  ;
  17  *$include realData
  18   
  19  Variables
  20  powerGeneration(t, plants)
  21  newBuildPlants(plants)
  22  summedPlantCapacity(plants)
  23  summedVariableCosts
  24  summedFixedCosts
  25  summedCosts
  26  ;
  27   
  28   
  29   
  30  Equations
  31  *model logic
  32  powerBalance
  33  totalPlantCapacities
  34   
  35  *constraints
  36  generationConstraint_lowerBound
  37  generationConstraint_upperBound
  38   
  39  *costs
  40  totalVariableCosts
  41  totalFixedCosts
  42  totalCosts
  43  ;
  44   
  45  *model logic
  46  powerBalance(t)..                                                                       PowerDemand(t) =e= sum((plants), powerGeneration(t, plants));
  47  totalPlantCapacities(plants)..                                                  summedPlantCapacity(plants) =e= BuiltPlantCapacities(plants) + newBuildPlants(plants);
  48   
  49  *constraints
  50  generationConstraint_lowerBound(t, plants)..            powerGeneration(t, plants) =g= 0;
  51  generationConstraint_upperBound(t, plants)..            powerGeneration(t, plants) =l= summedPlantCapacity(plants);
  52   
  53  *costs
  54  totalVariableCosts..                                                                    summedVariableCosts =e= sum((plants, t), powerGeneration(t,plants) * VariablePlantsCosts(plants));
  55  totalFixedCosts..                                                                           summedFixedCosts =e= sum((plants, t), summedPlantCapacity(plants) * MaintainPlantsCosts(plants) + newBuildPlants(plants) * InvestmentCosts(plants));
  56  totalCosts..                                                                                summedCosts =e= summedVariableCosts + summedFixedCosts;
  57   
  58   
  59   
  60   
  61   
  62  Model caseStudies/all/;
  63   
  64  Solve caseStudies using LP minimising summedCosts;
  65   
  66  Display powerGeneration.l;
GAMS 44.4.0  06604687 Sep 19, 2023          WEX-WEI x86 64bit/MS Windows - 05/12/24 13:23:03 Page 2
G e n e r a l   A l g e b r a i c   M o d e l i n g   S y s t e m
Include File Summary


   SEQ   GLOBAL TYPE      PARENT   LOCAL  FILENAME

     1        1 INPUT          0       0  C:\Users\sebas\Documents\CloudDrive\Uni\SS24\CaseStudies\gamsFiles\main.gms
     2        5 INCLUDE        1       5  .C:\Users\sebas\Documents\CloudDrive\Uni\SS24\CaseStudies\gamsFiles\testData.gms


COMPILATION TIME     =        0.000 SECONDS      3 MB  44.4.0 06604687 WEX-WEI
GAMS 44.4.0  06604687 Sep 19, 2023          WEX-WEI x86 64bit/MS Windows - 05/12/24 13:23:03 Page 3
G e n e r a l   A l g e b r a i c   M o d e l i n g   S y s t e m
Equation Listing    SOLVE caseStudies Using LP From line 64


---- powerBalance  =E=  

powerBalance(t1)..  - powerGeneration(t1,hydro) - powerGeneration(t1,solar) - powerGeneration(t1,coal) =E= -50 ; (LHS = 0, INFES = 50 ****)
     
powerBalance(t2)..  - powerGeneration(t2,hydro) - powerGeneration(t2,solar) - powerGeneration(t2,coal) =E= -100 ; (LHS = 0, INFES = 100 ****)
     
powerBalance(t3)..  - powerGeneration(t3,hydro) - powerGeneration(t3,solar) - powerGeneration(t3,coal) =E= -200 ; (LHS = 0, INFES = 200 ****)
     
REMAINING ENTRY SKIPPED


---- totalPlantCapacities  =E=  

totalPlantCapacities(hydro)..  - newBuildPlants(hydro) + summedPlantCapacity(hydro) =E= 50 ; (LHS = 0, INFES = 50 ****)
     
totalPlantCapacities(solar)..  - newBuildPlants(solar) + summedPlantCapacity(solar) =E= 100 ; (LHS = 0, INFES = 100 ****)
     
totalPlantCapacities(coal)..  - newBuildPlants(coal) + summedPlantCapacity(coal) =E= 50 ; (LHS = 0, INFES = 50 ****)
     

---- generationConstraint_lowerBound  =G=  

generationConstraint_lowerBound(t1,hydro)..  powerGeneration(t1,hydro) =G= 0 ; (LHS = 0)
     
generationConstraint_lowerBound(t1,solar)..  powerGeneration(t1,solar) =G= 0 ; (LHS = 0)
     
generationConstraint_lowerBound(t1,coal)..  powerGeneration(t1,coal) =G= 0 ; (LHS = 0)
     
REMAINING 9 ENTRIES SKIPPED


---- generationConstraint_upperBound  =L=  

generationConstraint_upperBound(t1,hydro)..  powerGeneration(t1,hydro) - summedPlantCapacity(hydro) =L= 0 ; (LHS = 0)
     
generationConstraint_upperBound(t1,solar)..  powerGeneration(t1,solar) - summedPlantCapacity(solar) =L= 0 ; (LHS = 0)
     
generationConstraint_upperBound(t1,coal)..  powerGeneration(t1,coal) - summedPlantCapacity(coal) =L= 0 ; (LHS = 0)
     
REMAINING 9 ENTRIES SKIPPED


---- totalVariableCosts  =E=  

totalVariableCosts..  - powerGeneration(t1,hydro) - powerGeneration(t1,solar) - 5*powerGeneration(t1,coal) - powerGeneration(t2,hydro) - powerGeneration(t2,solar) - 5*powerGeneration(t2,coal) - powerGeneration(t3,hydro) - powerGeneration(t3,solar) - 5*powerGeneration(t3,coal) - powerGeneration(t4,hydro) - powerGeneration(t4,solar) - 5*powerGeneration(t4,coal) + summedVariableCosts =E= 0 ; (LHS = 0)
     

---- totalFixedCosts  =E=  

totalFixedCosts..  - 400*newBuildPlants(hydro) - 200*newBuildPlants(solar) - 400*newBuildPlants(coal) - 400*summedPlantCapacity(hydro) - 200*summedPlantCapacity(solar) - 400*summedPlantCapacity(coal) + summedFixedCosts =E= 0 ; (LHS = 0)
     

---- totalCosts  =E=  

totalCosts..  - summedVariableCosts - summedFixedCosts + summedCosts =E= 0 ; (LHS = 0)
     
GAMS 44.4.0  06604687 Sep 19, 2023          WEX-WEI x86 64bit/MS Windows - 05/12/24 13:23:03 Page 4
G e n e r a l   A l g e b r a i c   M o d e l i n g   S y s t e m
Column Listing      SOLVE caseStudies Using LP From line 64


---- powerGeneration  

powerGeneration(t1,hydro)
                (.LO, .L, .UP, .M = -INF, 0, +INF, 0)
       -1       powerBalance(t1)
        1       generationConstraint_lowerBound(t1,hydro)
        1       generationConstraint_upperBound(t1,hydro)
       -1       totalVariableCosts

powerGeneration(t1,solar)
                (.LO, .L, .UP, .M = -INF, 0, +INF, 0)
       -1       powerBalance(t1)
        1       generationConstraint_lowerBound(t1,solar)
        1       generationConstraint_upperBound(t1,solar)
       -1       totalVariableCosts

powerGeneration(t1,coal)
                (.LO, .L, .UP, .M = -INF, 0, +INF, 0)
       -1       powerBalance(t1)
        1       generationConstraint_lowerBound(t1,coal)
        1       generationConstraint_upperBound(t1,coal)
       -5       totalVariableCosts

REMAINING 9 ENTRIES SKIPPED

---- newBuildPlants  

newBuildPlants(hydro)
                (.LO, .L, .UP, .M = -INF, 0, +INF, 0)
       -1       totalPlantCapacities(hydro)
     -400       totalFixedCosts

newBuildPlants(solar)
                (.LO, .L, .UP, .M = -INF, 0, +INF, 0)
       -1       totalPlantCapacities(solar)
     -200       totalFixedCosts

newBuildPlants(coal)
                (.LO, .L, .UP, .M = -INF, 0, +INF, 0)
       -1       totalPlantCapacities(coal)
     -400       totalFixedCosts


---- summedPlantCapacity  

summedPlantCapacity(hydro)
                (.LO, .L, .UP, .M = -INF, 0, +INF, 0)
        1       totalPlantCapacities(hydro)
       -1       generationConstraint_upperBound(t1,hydro)
       -1       generationConstraint_upperBound(t2,hydro)
       -1       generationConstraint_upperBound(t3,hydro)
       -1       generationConstraint_upperBound(t4,hydro)
     -400       totalFixedCosts

summedPlantCapacity(solar)
                (.LO, .L, .UP, .M = -INF, 0, +INF, 0)
        1       totalPlantCapacities(solar)
       -1       generationConstraint_upperBound(t1,solar)
       -1       generationConstraint_upperBound(t2,solar)
       -1       generationConstraint_upperBound(t3,solar)
       -1       generationConstraint_upperBound(t4,solar)
     -200       totalFixedCosts

summedPlantCapacity(coal)
                (.LO, .L, .UP, .M = -INF, 0, +INF, 0)
        1       totalPlantCapacities(coal)
       -1       generationConstraint_upperBound(t1,coal)
       -1       generationConstraint_upperBound(t2,coal)
       -1       generationConstraint_upperBound(t3,coal)
       -1       generationConstraint_upperBound(t4,coal)
     -400       totalFixedCosts


---- summedVariableCosts  

summedVariableCosts
                (.LO, .L, .UP, .M = -INF, 0, +INF, 0)
        1       totalVariableCosts
       -1       totalCosts


---- summedFixedCosts  

summedFixedCosts
                (.LO, .L, .UP, .M = -INF, 0, +INF, 0)
        1       totalFixedCosts
       -1       totalCosts


---- summedCosts  

summedCosts
                (.LO, .L, .UP, .M = -INF, 0, +INF, 0)
        1       totalCosts

GAMS 44.4.0  06604687 Sep 19, 2023          WEX-WEI x86 64bit/MS Windows - 05/12/24 13:23:03 Page 5
G e n e r a l   A l g e b r a i c   M o d e l i n g   S y s t e m
Range Statistics    SOLVE caseStudies Using LP From line 64


RANGE STATISTICS (ABSOLUTE NON-ZERO FINITE VALUES)

RHS       [min, max] : [ 5.000E+01, 2.000E+02] - Zero values observed as well
Bound     [min, max] : [        NA,        NA]
Matrix    [min, max] : [ 1.000E+00, 4.000E+02]

GAMS 44.4.0  06604687 Sep 19, 2023          WEX-WEI x86 64bit/MS Windows - 05/12/24 13:23:03 Page 6
G e n e r a l   A l g e b r a i c   M o d e l i n g   S y s t e m
Model Statistics    SOLVE caseStudies Using LP From line 64


MODEL STATISTICS

BLOCKS OF EQUATIONS           7     SINGLE EQUATIONS           34
BLOCKS OF VARIABLES           6     SINGLE VARIABLES           21
NON ZERO ELEMENTS            77


GENERATION TIME      =        0.031 SECONDS      4 MB  44.4.0 06604687 WEX-WEI
GAMS 44.4.0  06604687 Sep 19, 2023          WEX-WEI x86 64bit/MS Windows - 05/12/24 13:23:03 Page 7
G e n e r a l   A l g e b r a i c   M o d e l i n g   S y s t e m
Solution Report     SOLVE caseStudies Using LP From line 64


               S O L V E      S U M M A R Y

     MODEL   caseStudies         OBJECTIVE  summedCosts
     TYPE    LP                  DIRECTION  MINIMIZE
     SOLVER  CPLEX               FROM LINE  64

**** SOLVER STATUS     1 Normal Completion
**** MODEL STATUS      1 Optimal
**** OBJECTIVE VALUE            20450.0000

 RESOURCE USAGE, LIMIT          0.016 10000000000.000
 ITERATION COUNT, LIMIT        10    2147483647
--- GAMS/CPLEX licensed for continuous and discrete problems.
--- GMO setup time: 0.00s
--- GMO memory 0.50 Mb (peak 0.50 Mb)
--- Dictionary memory 0.00 Mb
--- Cplex 22.1.1.0 link memory 0.00 Mb (peak 0.00 Mb)
--- Starting Cplex


--- LP status (1): optimal.
--- Cplex Time: 0.02sec (det. 0.07 ticks)


Optimal solution found
Objective:        20450.000000


---- EQU powerBalance  

          LOWER          LEVEL          UPPER         MARGINAL

t1       -50.0000       -50.0000       -50.0000        -1.0000      
t2      -100.0000      -100.0000      -100.0000        -1.0000      
t3      -200.0000      -200.0000      -200.0000      -401.0000      
t4      -100.0000      -100.0000      -100.0000        -1.0000      

---- EQU totalPlantCapacities  

             LOWER          LEVEL          UPPER         MARGINAL

hydro        50.0000        50.0000        50.0000      -400.0000      
solar       100.0000       100.0000       100.0000      -200.0000      
coal         50.0000        50.0000        50.0000      -400.0000      

---- EQU generationConstraint_lowerBound  

                LOWER          LEVEL          UPPER         MARGINAL

t1.hydro          .              .            +INF            EPS         
t1.solar          .            50.0000        +INF             .          
t1.coal           .              .            +INF            4.0000      
t2.hydro          .              .            +INF            EPS         
t2.solar          .           100.0000        +INF             .          
t2.coal           .              .            +INF            4.0000      
t3.hydro          .              .            +INF          400.0000      
t3.solar          .           200.0000        +INF             .          
t3.coal           .              .            +INF          404.0000      
t4.hydro          .              .            +INF            EPS         
t4.solar          .           100.0000        +INF             .          
t4.coal           .              .            +INF            4.0000      

---- EQU generationConstraint_upperBound  

                LOWER          LEVEL          UPPER         MARGINAL

t1.hydro        -INF             .              .              .          
t1.solar        -INF         -150.0000          .              .          
t1.coal         -INF             .              .              .          
t2.hydro        -INF             .              .              .          
t2.solar        -INF         -100.0000          .              .          
t2.coal         -INF             .              .              .          
t3.hydro        -INF             .              .          -800.0000      
t3.solar        -INF             .              .          -400.0000      
t3.coal         -INF             .              .          -800.0000      
t4.hydro        -INF             .              .              .          
t4.solar        -INF         -100.0000          .              .          
t4.coal         -INF             .              .              .          

                           LOWER          LEVEL          UPPER         MARGINAL

---- EQU totalVari~          .              .              .             1.0000      
---- EQU totalFixe~          .              .              .             1.0000      
---- EQU totalCosts          .              .              .             1.0000      

---- VAR powerGeneration  

                LOWER          LEVEL          UPPER         MARGINAL

t1.hydro        -INF             .            +INF             .          
t1.solar        -INF           50.0000        +INF             .          
t1.coal         -INF             .            +INF             .          
t2.hydro        -INF             .            +INF             .          
t2.solar        -INF          100.0000        +INF             .          
t2.coal         -INF             .            +INF             .          
t3.hydro        -INF             .            +INF             .          
t3.solar        -INF          200.0000        +INF             .          
t3.coal         -INF             .            +INF             .          
t4.hydro        -INF             .            +INF             .          
t4.solar        -INF          100.0000        +INF             .          
t4.coal         -INF             .            +INF             .          

---- VAR newBuildPlants  

             LOWER          LEVEL          UPPER         MARGINAL

hydro        -INF          -50.0000        +INF             .          
solar        -INF          100.0000        +INF             .          
coal         -INF          -50.0000        +INF             .          

---- VAR summedPlantCapacity  

             LOWER          LEVEL          UPPER         MARGINAL

hydro        -INF             .            +INF             .          
solar        -INF          200.0000        +INF             .          
coal         -INF             .            +INF             .          

                           LOWER          LEVEL          UPPER         MARGINAL

---- VAR summedVar~        -INF          450.0000        +INF             .          
---- VAR summedFix~        -INF        20000.0000        +INF             .          
---- VAR summedCos~        -INF        20450.0000        +INF             .          


**** REPORT SUMMARY :        0     NONOPT
                             0 INFEASIBLE
                             0  UNBOUNDED
GAMS 44.4.0  06604687 Sep 19, 2023          WEX-WEI x86 64bit/MS Windows - 05/12/24 13:23:03 Page 8
G e n e r a l   A l g e b r a i c   M o d e l i n g   S y s t e m
E x e c u t i o n


----     66 VARIABLE powerGeneration.L  

         solar

t1      50.000
t2     100.000
t3     200.000
t4     100.000



EXECUTION TIME       =        0.109 SECONDS      4 MB  44.4.0 06604687 WEX-WEI


USER: Course License Old Systems                     S231127/0001AO-GEN
      Dresden University of Technology                          DCE2432
      License for teaching and research at degree granting institutions


**** FILE SUMMARY

Input      C:\Users\sebas\Documents\CloudDrive\Uni\SS24\CaseStudies\gamsFiles\main.gms
Output     C:\Users\sebas\Documents\CloudDrive\Uni\SS24\CaseStudies\gamsFiles\main.lst
