GAMS 46.2.0  ac4adda6 Mar 5, 2024           WEX-WEI x86 64bit/MS Windows - 07/11/24 09:57:28 Page 1
G e n e r a l   A l g e b r a i c   M o d e l i n g   S y s t e m
C o m p i l a t i o n


   1  *$include test_deterministic.gms
INCLUDE    C:\Users\sebas\Documents\CloudDrive\Uni\SS24\CaseStudies\gamsFiles\test_stochastic.gms
   3   
   4  Set
   5  scenario            /s1*s3/
   6  plants              /base, quick/
   7  t                   /t1 * t4/
   8  scenarioProperty    /propability, factor/
   9  ;
  10   
  11   
  12   
  13  Parameter
  14  VC(plants)          /base 1, quick 3/
  15  FC(plants)          /base 10, quick 3/
  16  PD                  /t1 10, t2 10, t3 10, t4 10/
  17  ;
  18   
  19  Parameter Table
  20  scenarioData(scenario, scenarioProperty)
  21          propability         factor
  22  s1      0.25                2
  23  s2      0.25                4
  24  s3      0.75                1
  25  ;
  26   
  27  Positive Variable
  28  generation(scenario, t, plants)
  29  plant_capacities(plants)
  30  ;
  31  Variable
  32  TC;
  33   
  34   
  35  Equations
  36  bal_stochastic
  37   
  38  cap_con_stoch
  39   
  40  totalCosts_stoch
  41  ;
  42   
  43   
  44  bal_stochastic(scenario, t)..                       scenarioData(scenario, 'factor') * PD(t) =e= sum(plants, generation(scenario, t, plants));
  45   
  46  cap_con_stoch(scenario, t,  plants)..               plant_capacities(plants) - generation(scenario, t, plants) =g= 0;
  47   
  48  totalCosts_stoch..                                  TC =e= sum(scenario, scenarioData(scenario, 'propability') * (sum((plants,t), generation(scenario, t, plants)*VC(plants)))) + sum(plants, plant_capacities(plants) * FC(plants));
  49   
  50   
  51   
  52  Model stochastic /
  53  bal_stochastic,
  54  cap_con_stoch,
  55  totalCosts_stoch
  56  /;
  57   
  58   
  59   
  60  Solve stochastic using LP minimizing TC;
GAMS 46.2.0  ac4adda6 Mar 5, 2024           WEX-WEI x86 64bit/MS Windows - 07/11/24 09:57:28 Page 2
G e n e r a l   A l g e b r a i c   M o d e l i n g   S y s t e m
Include File Summary


   SEQ   GLOBAL TYPE      PARENT   LOCAL  FILENAME

     1        1 INPUT          0       0  C:\Users\sebas\Documents\CloudDrive\Uni\SS24\CaseStudies\gamsFiles\test.gms
     2        2 INCLUDE        1       2  .C:\Users\sebas\Documents\CloudDrive\Uni\SS24\CaseStudies\gamsFiles\test_stochastic.gms


COMPILATION TIME     =        0.000 SECONDS      3 MB  46.2.0 ac4adda6 WEX-WEI
GAMS 46.2.0  ac4adda6 Mar 5, 2024           WEX-WEI x86 64bit/MS Windows - 07/11/24 09:57:28 Page 3
G e n e r a l   A l g e b r a i c   M o d e l i n g   S y s t e m
Equation Listing    SOLVE stochastic Using LP From line 60


---- bal_stochastic  =E=  

bal_stochastic(s1,t1)..  - generation(s1,t1,base) - generation(s1,t1,quick) =E= -20 ; (LHS = 0, INFES = 20 ****)
     
bal_stochastic(s1,t2)..  - generation(s1,t2,base) - generation(s1,t2,quick) =E= -20 ; (LHS = 0, INFES = 20 ****)
     
bal_stochastic(s1,t3)..  - generation(s1,t3,base) - generation(s1,t3,quick) =E= -20 ; (LHS = 0, INFES = 20 ****)
     
REMAINING 9 ENTRIES SKIPPED


---- cap_con_stoch  =G=  

cap_con_stoch(s1,t1,base)..  - generation(s1,t1,base) + plant_capacities(base) =G= 0 ; (LHS = 0)
     
cap_con_stoch(s1,t1,quick)..  - generation(s1,t1,quick) + plant_capacities(quick) =G= 0 ; (LHS = 0)
     
cap_con_stoch(s1,t2,base)..  - generation(s1,t2,base) + plant_capacities(base) =G= 0 ; (LHS = 0)
     
REMAINING 21 ENTRIES SKIPPED


---- totalCosts_stoch  =E=  

totalCosts_stoch..  - 0.25*generation(s1,t1,base) - 0.75*generation(s1,t1,quick) - 0.25*generation(s1,t2,base) - 0.75*generation(s1,t2,quick) - 0.25*generation(s1,t3,base) - 0.75*generation(s1,t3,quick) - 0.25*generation(s1,t4,base) - 0.75*generation(s1,t4,quick) - 0.25*generation(s2,t1,base) - 0.75*generation(s2,t1,quick) - 0.25*generation(s2,t2,base) - 0.75*generation(s2,t2,quick) - 0.25*generation(s2,t3,base) - 0.75*generation(s2,t3,quick) - 0.25*generation(s2,t4,base) - 0.75*generation(s2,t4,quick) - 0.75*generation(s3,t1,base) - 2.25*generation(s3,t1,quick) - 0.75*generation(s3,t2,base) - 2.25*generation(s3,t2,quick) - 0.75*generation(s3,t3,base) - 2.25*generation(s3,t3,quick) - 0.75*generation(s3,t4,base) - 2.25*generation(s3,t4,quick) - 10*plant_capacities(base) - 3*plant_capacities(quick) + TC =E= 0 ; (LHS = 0)
     
GAMS 46.2.0  ac4adda6 Mar 5, 2024           WEX-WEI x86 64bit/MS Windows - 07/11/24 09:57:28 Page 4
G e n e r a l   A l g e b r a i c   M o d e l i n g   S y s t e m
Column Listing      SOLVE stochastic Using LP From line 60


---- generation  

generation(s1,t1,base)
                (.LO, .L, .UP, .M = 0, 0, +INF, 0)
       -1       bal_stochastic(s1,t1)
       -1       cap_con_stoch(s1,t1,base)
       -0.25    totalCosts_stoch

generation(s1,t1,quick)
                (.LO, .L, .UP, .M = 0, 0, +INF, 0)
       -1       bal_stochastic(s1,t1)
       -1       cap_con_stoch(s1,t1,quick)
       -0.75    totalCosts_stoch

generation(s1,t2,base)
                (.LO, .L, .UP, .M = 0, 0, +INF, 0)
       -1       bal_stochastic(s1,t2)
       -1       cap_con_stoch(s1,t2,base)
       -0.25    totalCosts_stoch

REMAINING 21 ENTRIES SKIPPED

---- plant_capacities  

plant_capacities(base)
                (.LO, .L, .UP, .M = 0, 0, +INF, 0)
        1       cap_con_stoch(s1,t1,base)
        1       cap_con_stoch(s1,t2,base)
        1       cap_con_stoch(s1,t3,base)
        1       cap_con_stoch(s1,t4,base)
        1       cap_con_stoch(s2,t1,base)
        1       cap_con_stoch(s2,t2,base)
        1       cap_con_stoch(s2,t3,base)
        1       cap_con_stoch(s2,t4,base)
        1       cap_con_stoch(s3,t1,base)
        1       cap_con_stoch(s3,t2,base)
        1       cap_con_stoch(s3,t3,base)
        1       cap_con_stoch(s3,t4,base)
      -10       totalCosts_stoch

plant_capacities(quick)
                (.LO, .L, .UP, .M = 0, 0, +INF, 0)
        1       cap_con_stoch(s1,t1,quick)
        1       cap_con_stoch(s1,t2,quick)
        1       cap_con_stoch(s1,t3,quick)
        1       cap_con_stoch(s1,t4,quick)
        1       cap_con_stoch(s2,t1,quick)
        1       cap_con_stoch(s2,t2,quick)
        1       cap_con_stoch(s2,t3,quick)
        1       cap_con_stoch(s2,t4,quick)
        1       cap_con_stoch(s3,t1,quick)
        1       cap_con_stoch(s3,t2,quick)
        1       cap_con_stoch(s3,t3,quick)
        1       cap_con_stoch(s3,t4,quick)
       -3       totalCosts_stoch


---- TC  

TC
                (.LO, .L, .UP, .M = -INF, 0, +INF, 0)
        1       totalCosts_stoch

GAMS 46.2.0  ac4adda6 Mar 5, 2024           WEX-WEI x86 64bit/MS Windows - 07/11/24 09:57:28 Page 5
G e n e r a l   A l g e b r a i c   M o d e l i n g   S y s t e m
Range Statistics    SOLVE stochastic Using LP From line 60


RANGE STATISTICS (ABSOLUTE NON-ZERO FINITE VALUES)

RHS       [min, max] : [ 1.000E+01, 4.000E+01] - Zero values observed as well
Bound     [min, max] : [        NA,        NA] - Zero values observed as well
Matrix    [min, max] : [ 2.500E-01, 1.000E+01]

GAMS 46.2.0  ac4adda6 Mar 5, 2024           WEX-WEI x86 64bit/MS Windows - 07/11/24 09:57:28 Page 6
G e n e r a l   A l g e b r a i c   M o d e l i n g   S y s t e m
Model Statistics    SOLVE stochastic Using LP From line 60


MODEL STATISTICS

BLOCKS OF EQUATIONS           3     SINGLE EQUATIONS           37
BLOCKS OF VARIABLES           3     SINGLE VARIABLES           27
NON ZERO ELEMENTS            99


GENERATION TIME      =        0.000 SECONDS      4 MB  46.2.0 ac4adda6 WEX-WEI
GAMS 46.2.0  ac4adda6 Mar 5, 2024           WEX-WEI x86 64bit/MS Windows - 07/11/24 09:57:28 Page 7
G e n e r a l   A l g e b r a i c   M o d e l i n g   S y s t e m
Solution Report     SOLVE stochastic Using LP From line 60


               S O L V E      S U M M A R Y

     MODEL   stochastic          OBJECTIVE  TC
     TYPE    LP                  DIRECTION  MINIMIZE
     SOLVER  CPLEX               FROM LINE  60

**** SOLVER STATUS     1 Normal Completion
**** MODEL STATUS      1 Optimal
**** OBJECTIVE VALUE              360.0000

 RESOURCE USAGE, LIMIT          0.000 10000000000.000
 ITERATION COUNT, LIMIT         4    2147483647
--- GAMS/CPLEX licensed for continuous and discrete problems.
--- GMO setup time: 0.00s
--- GMO memory 0.50 Mb (peak 0.50 Mb)
--- Dictionary memory 0.00 Mb
--- Cplex 22.1.1.0 link memory 0.00 Mb (peak 0.00 Mb)
--- Starting Cplex


--- LP status (1): optimal.
--- Cplex Time: 0.00sec (det. 0.07 ticks)


Optimal solution found
Objective:          360.000000


---- EQU bal_stochastic  

             LOWER          LEVEL          UPPER         MARGINAL

s1.t1       -20.0000       -20.0000       -20.0000        -0.7500      
s1.t2       -20.0000       -20.0000       -20.0000        -0.7500      
s1.t3       -20.0000       -20.0000       -20.0000        -0.7500      
s1.t4       -20.0000       -20.0000       -20.0000        -0.7500      
s2.t1       -40.0000       -40.0000       -40.0000        -3.7500      
s2.t2       -40.0000       -40.0000       -40.0000        -0.7500      
s2.t3       -40.0000       -40.0000       -40.0000        -0.7500      
s2.t4       -40.0000       -40.0000       -40.0000        -0.7500      
s3.t1       -10.0000       -10.0000       -10.0000        -2.2500      
s3.t2       -10.0000       -10.0000       -10.0000        -0.7500      
s3.t3       -10.0000       -10.0000       -10.0000        -2.2500      
s3.t4       -10.0000       -10.0000       -10.0000        -0.7500      

---- EQU cap_con_stoch  

                   LOWER          LEVEL          UPPER         MARGINAL

s1.t1.base           .              .            +INF            0.5000      
s1.t1.quick          .            20.0000        +INF             .          
s1.t2.base           .              .            +INF            0.5000      
s1.t2.quick          .            20.0000        +INF             .          
s1.t3.base           .              .            +INF            0.5000      
s1.t3.quick          .            20.0000        +INF             .          
s1.t4.base           .              .            +INF            0.5000      
s1.t4.quick          .            20.0000        +INF             .          
s2.t1.base           .              .            +INF            3.5000      
s2.t1.quick          .              .            +INF            3.0000      
s2.t2.base           .              .            +INF            0.5000      
s2.t2.quick          .              .            +INF             .          
s2.t3.base           .              .            +INF            0.5000      
s2.t3.quick          .              .            +INF             .          
s2.t4.base           .              .            +INF            0.5000      
s2.t4.quick          .              .            +INF             .          
s3.t1.base           .              .            +INF            1.5000      
s3.t1.quick          .            30.0000        +INF             .          
s3.t2.base           .              .            +INF             .          
s3.t2.quick          .            30.0000        +INF             .          
s3.t3.base           .              .            +INF            1.5000      
s3.t3.quick          .            30.0000        +INF             .          
s3.t4.base           .              .            +INF             .          
s3.t4.quick          .            30.0000        +INF             .          

                           LOWER          LEVEL          UPPER         MARGINAL

---- EQU totalCost~          .              .              .             1.0000      

---- VAR generation  

                   LOWER          LEVEL          UPPER         MARGINAL

s1.t1.base           .            10.0000        +INF             .          
s1.t1.quick          .            10.0000        +INF             .          
s1.t2.base           .            10.0000        +INF             .          
s1.t2.quick          .            10.0000        +INF             .          
s1.t3.base           .            10.0000        +INF             .          
s1.t3.quick          .            10.0000        +INF             .          
s1.t4.base           .            10.0000        +INF             .          
s1.t4.quick          .            10.0000        +INF             .          
s2.t1.base           .            10.0000        +INF             .          
s2.t1.quick          .            30.0000        +INF             .          
s2.t2.base           .            10.0000        +INF             .          
s2.t2.quick          .            30.0000        +INF             .          
s2.t3.base           .            10.0000        +INF             .          
s2.t3.quick          .            30.0000        +INF             .          
s2.t4.base           .            10.0000        +INF             .          
s2.t4.quick          .            30.0000        +INF             .          
s3.t1.base           .            10.0000        +INF             .          
s3.t1.quick          .              .            +INF             .          
s3.t2.base           .            10.0000        +INF             .          
s3.t2.quick          .              .            +INF            1.5000      
s3.t3.base           .            10.0000        +INF             .          
s3.t3.quick          .              .            +INF            EPS         
s3.t4.base           .            10.0000        +INF             .          
s3.t4.quick          .              .            +INF            1.5000      

---- VAR plant_capacities  

             LOWER          LEVEL          UPPER         MARGINAL

base           .            10.0000        +INF             .          
quick          .            30.0000        +INF             .          

                           LOWER          LEVEL          UPPER         MARGINAL

---- VAR TC                -INF          360.0000        +INF             .          


**** REPORT SUMMARY :        0     NONOPT
                             0 INFEASIBLE
                             0  UNBOUNDED


EXECUTION TIME       =        0.031 SECONDS      4 MB  46.2.0 ac4adda6 WEX-WEI


USER: Course License                                 S240430|0002AO-GEN
      TU Dresden, Business Management and Economics             DCE3456
      License for teaching and research at degree granting institutions


**** FILE SUMMARY

Input      C:\Users\sebas\Documents\CloudDrive\Uni\SS24\CaseStudies\gamsFiles\test.gms
Output     C:\Users\sebas\Documents\CloudDrive\Uni\SS24\CaseStudies\gamsFiles\test.lst
